<?php return array (
  0 => 'Symfony\\Bundle\\FrameworkBundle\\Controller\\AbstractController',
  1 => 'App\\Controller\\Backend\\BaseController',
  2 => 'App\\Controller\\Backend\\BranchOfficeController',
  3 => 'App\\Controller\\Backend\\ConfigurationController',
  4 => 'App\\Controller\\Backend\\CouponController',
  5 => 'App\\Controller\\Backend\\DashboardController',
  6 => 'App\\Controller\\Backend\\DisciplineController',
  7 => 'App\\Controller\\Backend\\ExerciseRoomController',
  8 => 'App\\Controller\\Backend\\InstructorController',
  9 => 'App\\Controller\\Backend\\PackageController',
  10 => 'App\\Controller\\Backend\\PageController',
  11 => 'App\\Controller\\Backend\\ReservationController',
  12 => 'App\\Controller\\Backend\\SecurityController',
  13 => 'App\\Controller\\Backend\\SessionController',
  14 => 'App\\Controller\\Backend\\SessionDayController',
  15 => 'App\\Controller\\Backend\\StaffController',
  16 => 'App\\Controller\\Backend\\StatsController',
  17 => 'App\\Controller\\Backend\\TransactionController',
  18 => 'App\\Controller\\Backend\\UserController',
  19 => 'App\\Controller\\BranchOfficeController',
  20 => 'App\\Controller\\CheckoutController',
  21 => 'App\\Controller\\ContactController',
  22 => 'App\\Controller\\CouponController',
  23 => 'App\\Controller\\HomeController',
  24 => 'App\\Controller\\PackageController',
  25 => 'App\\Controller\\PageController',
  26 => 'App\\Controller\\ProfileController',
  27 => 'App\\Controller\\RegistrationController',
  28 => 'App\\Controller\\ReservationController',
  29 => 'App\\Controller\\ResettingController',
  30 => 'App\\Controller\\SecurityController',
  31 => 'App\\Controller\\StaffController',
  32 => 'App\\Entity\\BranchOffice',
  33 => 'App\\Entity\\Configuration',
  34 => 'App\\Entity\\Coupon',
  35 => 'App\\Entity\\CouponHistory',
  36 => 'App\\Entity\\Discipline',
  37 => 'App\\Entity\\ExerciseRoom',
  38 => 'App\\Entity\\Package',
  39 => 'App\\Entity\\Post',
  40 => 'App\\Entity\\Reservation',
  41 => 'App\\Entity\\Session',
  42 => 'App\\Entity\\Staff',
  43 => 'App\\Entity\\StaffProfile',
  44 => 'App\\Entity\\Transaction',
  45 => 'App\\Entity\\User',
  46 => 'App\\Entity\\WaitingList',
  47 => 'Doctrine\\Bundle\\DoctrineBundle\\Controller\\ProfilerController',
  48 => 'Doctrine\\ORM\\Cache\\Persister\\Entity\\AbstractEntityPersister',
  49 => 'Doctrine\\ORM\\Cache\\Persister\\Entity\\CachedEntityPersister',
  50 => 'Doctrine\\ORM\\Cache\\Persister\\Entity\\NonStrictReadWriteCachedEntityPersister',
  51 => 'Doctrine\\ORM\\Cache\\Persister\\Entity\\ReadOnlyCachedEntityPersister',
  52 => 'Doctrine\\ORM\\Cache\\Persister\\Entity\\ReadWriteCachedEntityPersister',
  53 => 'Doctrine\\ORM\\Persisters\\Entity\\AbstractEntityInheritancePersister',
  54 => 'Doctrine\\ORM\\Persisters\\Entity\\BasicEntityPersister',
  55 => 'Doctrine\\ORM\\Persisters\\Entity\\CachedPersisterContext',
  56 => 'Doctrine\\ORM\\Persisters\\Entity\\EntityPersister',
  57 => 'Doctrine\\ORM\\Persisters\\Entity\\JoinedSubclassPersister',
  58 => 'Doctrine\\ORM\\Persisters\\Entity\\SingleTablePersister',
  59 => 'Knp\\DoctrineBehaviors\\Contract\\Entity\\BlameableInterface',
  60 => 'Knp\\DoctrineBehaviors\\Contract\\Entity\\LoggableInterface',
  61 => 'Knp\\DoctrineBehaviors\\Contract\\Entity\\SluggableInterface',
  62 => 'Knp\\DoctrineBehaviors\\Contract\\Entity\\SoftDeletableInterface',
  63 => 'Knp\\DoctrineBehaviors\\Contract\\Entity\\TimestampableInterface',
  64 => 'Knp\\DoctrineBehaviors\\Contract\\Entity\\TranslatableInterface',
  65 => 'Knp\\DoctrineBehaviors\\Contract\\Entity\\TranslationInterface',
  66 => 'Knp\\DoctrineBehaviors\\Contract\\Entity\\TreeNodeInterface',
  67 => 'Knp\\DoctrineBehaviors\\Contract\\Entity\\UuidableInterface',
  68 => 'Liip\\ImagineBundle\\Config\\Controller\\ControllerConfig',
  69 => 'Liip\\ImagineBundle\\Controller\\ImagineController',
  71 => 'Symfony\\Bundle\\FrameworkBundle\\Controller\\ControllerResolver',
  72 => 'Symfony\\Bundle\\FrameworkBundle\\Controller\\RedirectController',
  73 => 'Symfony\\Bundle\\FrameworkBundle\\Controller\\TemplateController',
  74 => 'Symfony\\Component\\HttpKernel\\Controller\\ArgumentResolver',
  75 => 'Symfony\\Component\\HttpKernel\\Controller\\ArgumentResolverInterface',
  76 => 'Symfony\\Component\\HttpKernel\\Controller\\ArgumentResolver\\BackedEnumValueResolver',
  77 => 'Symfony\\Component\\HttpKernel\\Controller\\ArgumentResolver\\DateTimeValueResolver',
  78 => 'Symfony\\Component\\HttpKernel\\Controller\\ArgumentResolver\\DefaultValueResolver',
  79 => 'Symfony\\Component\\HttpKernel\\Controller\\ArgumentResolver\\NotTaggedControllerValueResolver',
  80 => 'Symfony\\Component\\HttpKernel\\Controller\\ArgumentResolver\\QueryParameterValueResolver',
  81 => 'Symfony\\Component\\HttpKernel\\Controller\\ArgumentResolver\\RequestAttributeValueResolver',
  82 => 'Symfony\\Component\\HttpKernel\\Controller\\ArgumentResolver\\RequestPayloadValueResolver',
  83 => 'Symfony\\Component\\HttpKernel\\Controller\\ArgumentResolver\\RequestValueResolver',
  84 => 'Symfony\\Component\\HttpKernel\\Controller\\ArgumentResolver\\ServiceValueResolver',
  85 => 'Symfony\\Component\\HttpKernel\\Controller\\ArgumentResolver\\SessionValueResolver',
  86 => 'Symfony\\Component\\HttpKernel\\Controller\\ArgumentResolver\\TraceableValueResolver',
  87 => 'Symfony\\Component\\HttpKernel\\Controller\\ArgumentResolver\\UidValueResolver',
  88 => 'Symfony\\Component\\HttpKernel\\Controller\\ArgumentResolver\\VariadicValueResolver',
  89 => 'Symfony\\Component\\HttpKernel\\Controller\\ArgumentValueResolverInterface',
  90 => 'Symfony\\Component\\HttpKernel\\Controller\\ContainerControllerResolver',
  91 => 'Symfony\\Component\\HttpKernel\\Controller\\ControllerReference',
  92 => 'Symfony\\Component\\HttpKernel\\Controller\\ControllerResolver',
  93 => 'Symfony\\Component\\HttpKernel\\Controller\\ControllerResolverInterface',
  94 => 'Symfony\\Component\\HttpKernel\\Controller\\ErrorController',
  95 => 'Symfony\\Component\\HttpKernel\\Controller\\TraceableArgumentResolver',
  96 => 'Symfony\\Component\\HttpKernel\\Controller\\TraceableControllerResolver',
  97 => 'Symfony\\Component\\HttpKernel\\Controller\\ValueResolverInterface',
  98 => 'Symfony\\Component\\Security\\Http\\Controller\\SecurityTokenValueResolver',
  99 => 'Symfony\\Component\\Security\\Http\\Controller\\UserValueResolver',
  100 => 'Vich\\UploaderBundle\\Entity\\File',
);